Using pre-set license
Built from '6000.0/release' branch; Version is '6000.0.44f1 (101c91f3a8fb) revision 1055889'; Using compiler version '193933523'; Build Type 'Release'
OS: 'Windows 11  (10.0.26100) 64bit Professional' Language: 'en' Physical Memory: 16085 MB
BatchMode: 1, IsHumanControllingUs: 0, StartBugReporterOnCrash: 0, Is64bit: 1, IsPro: 1

COMMAND LINE ARGUMENTS:
C:\Program Files\Unity\Hub\Editor\6000.0.44f1\Editor\Unity.exe
-adb2
-batchMode
-noUpm
-name
AssetImportWorker8
-projectPath
C:/Users/tommy/source/repos/P3/PP3-TeamClock-Work
-logFile
Logs/AssetImportWorker8.log
-srvPort
65275
-job-worker-count
11
-background-job-worker-count
8
-gc-helper-count
1
Successfully changed project path to: C:/Users/tommy/source/repos/P3/PP3-TeamClock-Work
C:/Users/tommy/source/repos/P3/PP3-TeamClock-Work
[UnityMemory] Configuration Parameters - Can be set up in boot.config
    "memorysetup-bucket-allocator-granularity=16"
    "memorysetup-bucket-allocator-bucket-count=8"
    "memorysetup-bucket-allocator-block-size=33554432"
    "memorysetup-bucket-allocator-block-count=8"
    "memorysetup-main-allocator-block-size=16777216"
    "memorysetup-thread-allocator-block-size=16777216"
    "memorysetup-gfx-main-allocator-block-size=16777216"
    "memorysetup-gfx-thread-allocator-block-size=16777216"
    "memorysetup-cache-allocator-block-size=4194304"
    "memorysetup-typetree-allocator-block-size=2097152"
    "memorysetup-profiler-bucket-allocator-granularity=16"
    "memorysetup-profiler-bucket-allocator-bucket-count=8"
    "memorysetup-profiler-bucket-allocator-block-size=33554432"
    "memorysetup-profiler-bucket-allocator-block-count=8"
    "memorysetup-profiler-allocator-block-size=16777216"
    "memorysetup-profiler-editor-allocator-block-size=1048576"
    "memorysetup-temp-allocator-size-main=16777216"
    "memorysetup-job-temp-allocator-block-size=2097152"
    "memorysetup-job-temp-allocator-block-size-background=1048576"
    "memorysetup-job-temp-allocator-reduction-small-platforms=262144"
    "memorysetup-allocator-temp-initial-block-size-main=262144"
    "memorysetup-allocator-temp-initial-block-size-worker=262144"
    "memorysetup-temp-allocator-size-background-worker=32768"
    "memorysetup-temp-allocator-size-job-worker=262144"
    "memorysetup-temp-allocator-size-preload-manager=33554432"
    "memorysetup-temp-allocator-size-nav-mesh-worker=65536"
    "memorysetup-temp-allocator-size-audio-worker=65536"
    "memorysetup-temp-allocator-size-cloud-worker=32768"
    "memorysetup-temp-allocator-size-gi-baking-worker=262144"
    "memorysetup-temp-allocator-size-gi-baking-worker=262144"
    "memorysetup-temp-allocator-size-gi-baking-worker=262144"
    "memorysetup-temp-allocator-size-gi-baking-worker=262144"
    "memorysetup-temp-allocator-size-gi-baking-worker=262144"
    "memorysetup-temp-allocator-size-gfx=262144"
Player connection [59380]  Target information:

Player connection [59380]  * "[IP] 192.168.8.207 [Port] 0 [Flags] 2 [Guid] 1393768744 [EditorId] 1393768744 [Version] 1048832 [Id] WindowsEditor(7,Carter) [Debug] 1 [PackageName] WindowsEditor [ProjectName] Editor" 

Player connection [59380] Host joined multi-casting on [225.0.0.222:54997]...
Player connection [59380] Host joined alternative multi-casting on [225.0.0.222:34997]...
JobSystem: Creating JobQueue using job-worker-count value 11
Input System module state changed to: Initialized.
[Physics::Module] Initialized fallback backend.
[Physics::Module] Id: 0xdecafbad
Library Redirect Path: Library/
[Physics::Module] Selected backend.
[Physics::Module] Name: PhysX
[Physics::Module] Id: 0xf2b8ea05
[Physics::Module] SDK Version: 4.1.2
[Physics::Module] Integration Version: 1.0.0
[Physics::Module] Threading Mode: Multi-Threaded
Refreshing native plugins compatible for Editor in 1.11 ms, found 3 plugins.
Preloading 0 native plugins for Editor in 0.00 ms.
Initialize engine version: 6000.0.44f1 (101c91f3a8fb)
[Subsystems] Discovering subsystems at path C:/Program Files/Unity/Hub/Editor/6000.0.44f1/Editor/Data/Resources/UnitySubsystems
[Subsystems] Discovering subsystems at path C:/Users/tommy/source/repos/P3/PP3-TeamClock-Work/Assets
GfxDevice: creating device client; kGfxThreadingModeNonThreaded
Direct3D:
    Version:  Direct3D 11.0 [level 11.1]
    Renderer: NVIDIA GeForce RTX 4070 Laptop GPU (ID=0x2820)
    Vendor:   NVIDIA
    VRAM:     7948 MB
    Driver:   31.0.15.5188
Initialize mono
Mono path[0] = 'C:/Program Files/Unity/Hub/Editor/6000.0.44f1/Editor/Data/Managed'
Mono path[1] = 'C:/Program Files/Unity/Hub/Editor/6000.0.44f1/Editor/Data/MonoBleedingEdge/lib/mono/unityjit-win32'
Mono config path = 'C:/Program Files/Unity/Hub/Editor/6000.0.44f1/Editor/Data/MonoBleedingEdge/etc'
Using monoOptions --debugger-agent=transport=dt_socket,embedding=1,server=y,suspend=n,address=127.0.0.1:56320
Begin MonoManager ReloadAssembly
Registering precompiled unity dll's ...
Register platform support module: C:/Program Files/Unity/Hub/Editor/6000.0.44f1/Editor/Data/PlaybackEngines/WindowsStandaloneSupport/UnityEditor.WindowsStandalone.Extensions.dll
Registered in 0.002316 seconds.
- Loaded All Assemblies, in  0.301 seconds
Native extension for WindowsStandalone target not found
Mono: successfully reloaded assembly
- Finished resetting the current domain, in  0.254 seconds
Domain Reload Profiling: 554ms
	BeginReloadAssembly (105ms)
		ExecutionOrderSort (0ms)
		DisableScriptedObjects (0ms)
		BackupInstance (0ms)
		ReleaseScriptingObjects (0ms)
		CreateAndSetChildDomain (1ms)
	RebuildCommonClasses (29ms)
	RebuildNativeTypeToScriptingClass (8ms)
	initialDomainReloadingComplete (38ms)
	LoadAllAssembliesAndSetupDomain (119ms)
		LoadAssemblies (103ms)
		RebuildTransferFunctionScriptingTraits (0ms)
		AnalyzeDomain (116ms)
			TypeCache.Refresh (115ms)
				TypeCache.ScanAssembly (104ms)
			BuildScriptInfoCaches (0ms)
			ResolveRequiredComponents (0ms)
	FinalizeReload (254ms)
		ReleaseScriptCaches (0ms)
		RebuildScriptCaches (0ms)
		SetupLoadedEditorAssemblies (223ms)
			LogAssemblyErrors (0ms)
			InitializePlatformSupportModulesInManaged (19ms)
			SetLoadedEditorAssemblies (4ms)
			BeforeProcessingInitializeOnLoad (43ms)
			ProcessInitializeOnLoadAttributes (119ms)
			ProcessInitializeOnLoadMethodAttributes (38ms)
			AfterProcessingInitializeOnLoad (0ms)
			EditorAssembliesLoaded (0ms)
		ExecutionOrderSort2 (0ms)
		AwakeInstancesAfterBackupRestoration (0ms)
========================================================================
Worker process is ready to serve import requests
Import Worker Mode flag is 0x00
Begin MonoManager ReloadAssembly
- Loaded All Assemblies, in  0.552 seconds
Refreshing native plugins compatible for Editor in 0.67 ms, found 3 plugins.
Native extension for WindowsStandalone target not found
Mono: successfully reloaded assembly
- Finished resetting the current domain, in  0.535 seconds
Domain Reload Profiling: 1084ms
	BeginReloadAssembly (127ms)
		ExecutionOrderSort (0ms)
		DisableScriptedObjects (4ms)
		BackupInstance (0ms)
		ReleaseScriptingObjects (0ms)
		CreateAndSetChildDomain (24ms)
	RebuildCommonClasses (28ms)
	RebuildNativeTypeToScriptingClass (8ms)
	initialDomainReloadingComplete (31ms)
	LoadAllAssembliesAndSetupDomain (355ms)
		LoadAssemblies (263ms)
		RebuildTransferFunctionScriptingTraits (0ms)
		AnalyzeDomain (165ms)
			TypeCache.Refresh (131ms)
				TypeCache.ScanAssembly (119ms)
			BuildScriptInfoCaches (26ms)
			ResolveRequiredComponents (4ms)
	FinalizeReload (535ms)
		ReleaseScriptCaches (0ms)
		RebuildScriptCaches (0ms)
		SetupLoadedEditorAssemblies (445ms)
			LogAssemblyErrors (0ms)
			InitializePlatformSupportModulesInManaged (2ms)
			SetLoadedEditorAssemblies (3ms)
			BeforeProcessingInitializeOnLoad (101ms)
			ProcessInitializeOnLoadAttributes (312ms)
			ProcessInitializeOnLoadMethodAttributes (23ms)
			AfterProcessingInitializeOnLoad (4ms)
			EditorAssembliesLoaded (0ms)
		ExecutionOrderSort2 (0ms)
		AwakeInstancesAfterBackupRestoration (5ms)
Launched and connected shader compiler UnityShaderCompiler.exe after 0.01 seconds
Refreshing native plugins compatible for Editor in 0.83 ms, found 3 plugins.
Preloading 0 native plugins for Editor in 0.00 ms.
Unloading 65 Unused Serialized files (Serialized files now loaded: 0)
Unloading 3982 unused Assets / (4.3 MB). Loaded Objects now: 4506.
Memory consumption went from 180.1 MB to 175.8 MB.
Total: 7.991200 ms (FindLiveObjects: 0.896000 ms CreateObjectMapping: 0.186700 ms MarkObjects: 4.458800 ms  DeleteObjects: 2.446800 ms)

========================================================================
Received Import Request.
  Time since last request: 475989.934945 seconds.
  path: Assets/Unity Store DL/Hits Effects FREE/Materials/Magic Hit/Magic Flash.mat
  artifactKey: Guid(d011537e552be7342b29ba2f69d2288e) Importer(815301076,1909f56bfc062723c751e8b465ee728b)
Start importing Assets/Unity Store DL/Hits Effects FREE/Materials/Magic Hit/Magic Flash.mat using Guid(d011537e552be7342b29ba2f69d2288e) Importer(815301076,1909f56bfc062723c751e8b465ee728b) (PreviewImporter) -> (artifact id: 'b8bcf5e0f5b489bacb890f4d397608af') in 0.1075669 seconds
Number of updated asset objects reloaded before import = 0Number of asset objects unloaded after import = 2

========================================================================
Received Import Request.
  Time since last request: 0.007074 seconds.
  path: Assets/Prefabs/time-bot-ads/Time-Bot-ADS-MESH.obj
  artifactKey: Guid(25d1a7568029d2542a0f5b6b16766c31) Importer(815301076,1909f56bfc062723c751e8b465ee728b)
Start importing Assets/Prefabs/time-bot-ads/Time-Bot-ADS-MESH.obj using Guid(25d1a7568029d2542a0f5b6b16766c31) Importer(815301076,1909f56bfc062723c751e8b465ee728b) (PreviewImporter) -> (artifact id: '8159de9b79c195fc0e7b36de936a4325') in 0.0618967 seconds
Number of updated asset objects reloaded before import = 0Number of asset objects unloaded after import = 11

========================================================================
Received Import Request.
  Time since last request: 0.057681 seconds.
  path: Assets/DL/Snow Mountain/Materials/mountain_Snow_000.mat
  artifactKey: Guid(1e4e7f8684502364d854280512ab8e40) Importer(815301076,1909f56bfc062723c751e8b465ee728b)
Start importing Assets/DL/Snow Mountain/Materials/mountain_Snow_000.mat using Guid(1e4e7f8684502364d854280512ab8e40) Importer(815301076,1909f56bfc062723c751e8b465ee728b) (PreviewImporter) -> (artifact id: '3f939e6ff7234ed8300d5e2f69a26730') in 0.0584661 seconds
Number of updated asset objects reloaded before import = 0Number of asset objects unloaded after import = 3

========================================================================
Received Import Request.
  Time since last request: 1.519816 seconds.
  path: Assets/WorldMaterialsFree/HDRPMaterials/HexBricks_HDRPShader.mat
  artifactKey: Guid(d42b07e2f4723cb478482ae2c25091a2) Importer(815301076,1909f56bfc062723c751e8b465ee728b)
Start importing Assets/WorldMaterialsFree/HDRPMaterials/HexBricks_HDRPShader.mat using Guid(d42b07e2f4723cb478482ae2c25091a2) Importer(815301076,1909f56bfc062723c751e8b465ee728b) (PreviewImporter) -> (artifact id: '88b78743241476532d5cce95f3491ef1') in 0.0319216 seconds
Number of updated asset objects reloaded before import = 0Number of asset objects unloaded after import = 7

========================================================================
Received Import Request.
  Time since last request: 0.045072 seconds.
  path: Assets/WorldMaterialsFree/HDRPMaterials/GrassGravel_HDRPShader.mat
  artifactKey: Guid(84cf81d4bbab074448a94c478391503d) Importer(815301076,1909f56bfc062723c751e8b465ee728b)
Start importing Assets/WorldMaterialsFree/HDRPMaterials/GrassGravel_HDRPShader.mat using Guid(84cf81d4bbab074448a94c478391503d) Importer(815301076,1909f56bfc062723c751e8b465ee728b) (PreviewImporter) -> (artifact id: '42be34539f7b3ee3569203121bb2cb5b') in 0.1022138 seconds
Number of updated asset objects reloaded before import = 0Number of asset objects unloaded after import = 7

========================================================================
Received Import Request.
  Time since last request: 0.006148 seconds.
  path: Assets/TextMesh Pro/Examples & Extras/Fonts/Unity.ttf
  artifactKey: Guid(f4eec857a4fdf2f43be0e9f3d1a984e7) Importer(815301076,1909f56bfc062723c751e8b465ee728b)
Start importing Assets/TextMesh Pro/Examples & Extras/Fonts/Unity.ttf using Guid(f4eec857a4fdf2f43be0e9f3d1a984e7) Importer(815301076,1909f56bfc062723c751e8b465ee728b) (PreviewImporter) -> (artifact id: '8bb5425b20e626a68b3297f62767fa05') in 0.0325912 seconds
Number of updated asset objects reloaded before import = 0Number of asset objects unloaded after import = 4

========================================================================
Received Import Request.
  Time since last request: 0.009851 seconds.
  path: Assets/TextMesh Pro/Fonts/LiberationSans.ttf
  artifactKey: Guid(e3265ab4bf004d28a9537516768c1c75) Importer(815301076,1909f56bfc062723c751e8b465ee728b)
Start importing Assets/TextMesh Pro/Fonts/LiberationSans.ttf using Guid(e3265ab4bf004d28a9537516768c1c75) Importer(815301076,1909f56bfc062723c751e8b465ee728b) (PreviewImporter) -> (artifact id: 'e36e5f76d7d7d989ad3f2a3bfd489d54') in 0.0125237 seconds
Number of updated asset objects reloaded before import = 0Number of asset objects unloaded after import = 4

========================================================================
Received Import Request.
  Time since last request: 0.000175 seconds.
  path: Assets/WorldMaterialsFree/Built-In_RPMaterials/GrassClumps_WMShader.mat
  artifactKey: Guid(265c1888e0bb7ae4893432e053373ca5) Importer(815301076,1909f56bfc062723c751e8b465ee728b)
Start importing Assets/WorldMaterialsFree/Built-In_RPMaterials/GrassClumps_WMShader.mat using Guid(265c1888e0bb7ae4893432e053373ca5) Importer(815301076,1909f56bfc062723c751e8b465ee728b) (PreviewImporter) -> (artifact id: 'eb16963d77f5cb2caffdf95fafa2c91d') in 0.0359186 seconds
Number of updated asset objects reloaded before import = 0Number of asset objects unloaded after import = 6

========================================================================
Received Import Request.
  Time since last request: 0.000020 seconds.
  path: Assets/Materials/Floor Fire.mat
  artifactKey: Guid(b56bb78dc934217459395929bfb55dd0) Importer(815301076,1909f56bfc062723c751e8b465ee728b)
Start importing Assets/Materials/Floor Fire.mat using Guid(b56bb78dc934217459395929bfb55dd0) Importer(815301076,1909f56bfc062723c751e8b465ee728b) (PreviewImporter) -> (artifact id: '010f45e83176b35d27415d4fe5ee1ace') in 0.0236739 seconds
Number of updated asset objects reloaded before import = 0Number of asset objects unloaded after import = 2

========================================================================
Received Import Request.
  Time since last request: 0.012763 seconds.
  path: Assets/Unity Store DL/Hits Effects FREE/Materials/Fire Hit/Fire Hit B.mat
  artifactKey: Guid(940a73b01c3881c4b816740dd77d1f21) Importer(815301076,1909f56bfc062723c751e8b465ee728b)
Start importing Assets/Unity Store DL/Hits Effects FREE/Materials/Fire Hit/Fire Hit B.mat using Guid(940a73b01c3881c4b816740dd77d1f21) Importer(815301076,1909f56bfc062723c751e8b465ee728b) (PreviewImporter) -> (artifact id: '79a2a918d2264a6b3516699fa2b09194') in 0.0382971 seconds
Number of updated asset objects reloaded before import = 0Number of asset objects unloaded after import = 2

========================================================================
Received Import Request.
  Time since last request: 0.000021 seconds.
  path: Assets/Scenes/First-Aid-Set/Assets/Materials/FirstAid_Biohazard.mat
  artifactKey: Guid(69a168f96607daf498ab6dbbcb23ed5a) Importer(815301076,1909f56bfc062723c751e8b465ee728b)
Start importing Assets/Scenes/First-Aid-Set/Assets/Materials/FirstAid_Biohazard.mat using Guid(69a168f96607daf498ab6dbbcb23ed5a) Importer(815301076,1909f56bfc062723c751e8b465ee728b) (PreviewImporter) -> (artifact id: '6bb368ba489d93cc5c4ade8ae3fa5fec') in 0.0979636 seconds
Number of updated asset objects reloaded before import = 0Number of asset objects unloaded after import = 5

========================================================================
Received Import Request.
  Time since last request: 0.000020 seconds.
  path: Assets/WorldMaterialsFree/HDRPMaterials/DesertSandBrick_HDRPShader.mat
  artifactKey: Guid(d46f207188fc34b4ab36c570b327e7d5) Importer(815301076,1909f56bfc062723c751e8b465ee728b)
Start importing Assets/WorldMaterialsFree/HDRPMaterials/DesertSandBrick_HDRPShader.mat using Guid(d46f207188fc34b4ab36c570b327e7d5) Importer(815301076,1909f56bfc062723c751e8b465ee728b) (PreviewImporter) -> (artifact id: '2f8edef0e9e4027ccb49b0b354c5a6fc') in 0.1057657 seconds
Number of updated asset objects reloaded before import = 0Number of asset objects unloaded after import = 7

========================================================================
Received Import Request.
  Time since last request: 0.000024 seconds.
  path: Assets/WorldMaterialsFree/URPMaterials/BathroomTiles_URPShader.mat
  artifactKey: Guid(c18631ac74d3d2b4488c87e429c5781f) Importer(815301076,1909f56bfc062723c751e8b465ee728b)
Start importing Assets/WorldMaterialsFree/URPMaterials/BathroomTiles_URPShader.mat using Guid(c18631ac74d3d2b4488c87e429c5781f) Importer(815301076,1909f56bfc062723c751e8b465ee728b) (PreviewImporter) -> (artifact id: 'affbed7ec96c6b2ccad9477389bedecf') in 0.0972741 seconds
Number of updated asset objects reloaded before import = 0Number of asset objects unloaded after import = 6

========================================================================
Received Import Request.
  Time since last request: 0.000023 seconds.
  path: Assets/WorldMaterialsFree/Built-In_RPMaterials/CoarseConcrete_WMShader.mat
  artifactKey: Guid(015da0f3dbeb55f4c82fb3d0587dcca1) Importer(815301076,1909f56bfc062723c751e8b465ee728b)
Start importing Assets/WorldMaterialsFree/Built-In_RPMaterials/CoarseConcrete_WMShader.mat using Guid(015da0f3dbeb55f4c82fb3d0587dcca1) Importer(815301076,1909f56bfc062723c751e8b465ee728b) (PreviewImporter) -> (artifact id: 'e09696e5f46cc1da15ef9d69b0e1b218') in 0.0603331 seconds
Number of updated asset objects reloaded before import = 0Number of asset objects unloaded after import = 6

========================================================================
Received Import Request.
  Time since last request: 0.000021 seconds.
  path: Assets/WorldMaterialsFree/HDRPMaterials/ClumpMud_HDRPShader.mat
  artifactKey: Guid(503e66f9762e80e4d8d98b15f7e632f8) Importer(815301076,1909f56bfc062723c751e8b465ee728b)
Start importing Assets/WorldMaterialsFree/HDRPMaterials/ClumpMud_HDRPShader.mat using Guid(503e66f9762e80e4d8d98b15f7e632f8) Importer(815301076,1909f56bfc062723c751e8b465ee728b) (PreviewImporter) -> (artifact id: 'afce461a711756d6fa1255d719a21374') in 0.1128446 seconds
Number of updated asset objects reloaded before import = 0Number of asset objects unloaded after import = 7

========================================================================
Received Import Request.
  Time since last request: 0.000022 seconds.
  path: Assets/Materials/Blue.mat
  artifactKey: Guid(01dd910835f7c604fb08d5b186ac866c) Importer(815301076,1909f56bfc062723c751e8b465ee728b)
Start importing Assets/Materials/Blue.mat using Guid(01dd910835f7c604fb08d5b186ac866c) Importer(815301076,1909f56bfc062723c751e8b465ee728b) (PreviewImporter) -> (artifact id: '6539a22295925d636cf96c04d493a32f') in 0.0228727 seconds
Number of updated asset objects reloaded before import = 0Number of asset objects unloaded after import = 1

========================================================================
Received Import Request.
  Time since last request: 0.000178 seconds.
  path: Assets/WorldMaterialsFree/URPMaterials/DryRockyDirt_URPShader.mat
  artifactKey: Guid(5ad08ce23f1f5054da4dfab079f3979b) Importer(815301076,1909f56bfc062723c751e8b465ee728b)
Start importing Assets/WorldMaterialsFree/URPMaterials/DryRockyDirt_URPShader.mat using Guid(5ad08ce23f1f5054da4dfab079f3979b) Importer(815301076,1909f56bfc062723c751e8b465ee728b) (PreviewImporter) -> (artifact id: '1408b61a1c65fbdc338b4b66c853a90a') in 0.0267689 seconds
Number of updated asset objects reloaded before import = 0Number of asset objects unloaded after import = 6

========================================================================
Received Import Request.
  Time since last request: 0.000019 seconds.
  path: Assets/WorldMaterialsFree/Built-In_RPMaterials/DesertSandBrick_StandardShader.mat
  artifactKey: Guid(481d1d21c29b1ed41b50472c451abfda) Importer(815301076,1909f56bfc062723c751e8b465ee728b)
Start importing Assets/WorldMaterialsFree/Built-In_RPMaterials/DesertSandBrick_StandardShader.mat using Guid(481d1d21c29b1ed41b50472c451abfda) Importer(815301076,1909f56bfc062723c751e8b465ee728b) (PreviewImporter) -> (artifact id: 'cff5780dd706517decaef76c41569d25') in 0.043402 seconds
Number of updated asset objects reloaded before import = 0Number of asset objects unloaded after import = 5

========================================================================
Received Import Request.
  Time since last request: 0.000045 seconds.
  path: Assets/WorldMaterialsFree/Built-In_RPMaterials/BrushedIron_WMShader.mat
  artifactKey: Guid(a293034410ea13649bd3df957b15f3ab) Importer(815301076,1909f56bfc062723c751e8b465ee728b)
Start importing Assets/WorldMaterialsFree/Built-In_RPMaterials/BrushedIron_WMShader.mat using Guid(a293034410ea13649bd3df957b15f3ab) Importer(815301076,1909f56bfc062723c751e8b465ee728b) (PreviewImporter) -> (artifact id: '5bfc92c3807f9e89766f2234daada458') in 0.0303134 seconds
Number of updated asset objects reloaded before import = 0Number of asset objects unloaded after import = 7

========================================================================
Received Import Request.
  Time since last request: 0.000018 seconds.
  path: Assets/WorldMaterialsFree/Built-In_RPMaterials/ClumpMud_StandardShader.mat
  artifactKey: Guid(808e6047c73239f46ac7425fc704306c) Importer(815301076,1909f56bfc062723c751e8b465ee728b)
Start importing Assets/WorldMaterialsFree/Built-In_RPMaterials/ClumpMud_StandardShader.mat using Guid(808e6047c73239f46ac7425fc704306c) Importer(815301076,1909f56bfc062723c751e8b465ee728b) (PreviewImporter) -> (artifact id: '2f0484df14c20be4d87c8e0ae3205a22') in 0.0391763 seconds
Number of updated asset objects reloaded before import = 0Number of asset objects unloaded after import = 5

========================================================================
Received Import Request.
  Time since last request: 0.000017 seconds.
  path: Assets/WorldMaterialsFree/URPMaterials/AgedDarkWood_URPShader.mat
  artifactKey: Guid(fb6b7ccecbc0051419eb61f0e99f6443) Importer(815301076,1909f56bfc062723c751e8b465ee728b)
Start importing Assets/WorldMaterialsFree/URPMaterials/AgedDarkWood_URPShader.mat using Guid(fb6b7ccecbc0051419eb61f0e99f6443) Importer(815301076,1909f56bfc062723c751e8b465ee728b) (PreviewImporter) -> (artifact id: 'f14836ae44c748ada44c3bac6d3f2dea') in 0.1178606 seconds
Number of updated asset objects reloaded before import = 0Number of asset objects unloaded after import = 6

========================================================================
Received Import Request.
  Time since last request: 0.000023 seconds.
  path: Assets/WorldMaterialsFree/HDRPMaterials/AgedDarkWood_HDRPShader.mat
  artifactKey: Guid(cde7255234641b94b851e443341c8797) Importer(815301076,1909f56bfc062723c751e8b465ee728b)
Start importing Assets/WorldMaterialsFree/HDRPMaterials/AgedDarkWood_HDRPShader.mat using Guid(cde7255234641b94b851e443341c8797) Importer(815301076,1909f56bfc062723c751e8b465ee728b) (PreviewImporter) -> (artifact id: '781a91dcd2bc56817b510e698e21d261') in 0.0139711 seconds
Number of updated asset objects reloaded before import = 0Number of asset objects unloaded after import = 7

========================================================================
Received Import Request.
  Time since last request: 0.000022 seconds.
  path: Assets/TextMesh Pro/Examples & Extras/Resources/Fonts & Materials/Anton SDF - Sunny Days.mat
  artifactKey: Guid(6522f30e342599e4e9dd4cc2cc03c830) Importer(815301076,1909f56bfc062723c751e8b465ee728b)
Start importing Assets/TextMesh Pro/Examples & Extras/Resources/Fonts & Materials/Anton SDF - Sunny Days.mat using Guid(6522f30e342599e4e9dd4cc2cc03c830) Importer(815301076,1909f56bfc062723c751e8b465ee728b) (PreviewImporter) -> (artifact id: '9033a2d95e1fed65fb8b34613dc2d90b') in 0.078909 seconds
Number of updated asset objects reloaded before import = 0Number of asset objects unloaded after import = 4

========================================================================
Received Import Request.
  Time since last request: 0.000018 seconds.
  path: Assets/TextMesh Pro/Examples & Extras/Resources/Fonts & Materials/Anton SDF - Outline.mat
  artifactKey: Guid(a00013af81304728b2be1f4309ee2433) Importer(815301076,1909f56bfc062723c751e8b465ee728b)
Start importing Assets/TextMesh Pro/Examples & Extras/Resources/Fonts & Materials/Anton SDF - Outline.mat using Guid(a00013af81304728b2be1f4309ee2433) Importer(815301076,1909f56bfc062723c751e8b465ee728b) (PreviewImporter) -> (artifact id: 'ce4a444db07d4bbd50293c14aa24725f') in 0.0138184 seconds
Number of updated asset objects reloaded before import = 0Number of asset objects unloaded after import = 2

========================================================================
Received Import Request.
  Time since last request: 0.000215 seconds.
  path: Assets/WorldMaterialsFree/Built-In_RPMaterials/DesertSandBrick_WMShader.mat
  artifactKey: Guid(8bbfa9999a12c1c4ba28eb1d7932bc91) Importer(815301076,1909f56bfc062723c751e8b465ee728b)
Start importing Assets/WorldMaterialsFree/Built-In_RPMaterials/DesertSandBrick_WMShader.mat using Guid(8bbfa9999a12c1c4ba28eb1d7932bc91) Importer(815301076,1909f56bfc062723c751e8b465ee728b) (PreviewImporter) -> (artifact id: 'c2c95bcf12c42dc356c0fbe9b083d5fb') in 0.0305796 seconds
Number of updated asset objects reloaded before import = 0Number of asset objects unloaded after import = 6

========================================================================
Received Import Request.
  Time since last request: 0.000020 seconds.
  path: Assets/WorldMaterialsFree/HDRPMaterials/BrushedIron_HDRPShader.mat
  artifactKey: Guid(4c98c5ad59bf55649be5e3d1990a2bd8) Importer(815301076,1909f56bfc062723c751e8b465ee728b)
Start importing Assets/WorldMaterialsFree/HDRPMaterials/BrushedIron_HDRPShader.mat using Guid(4c98c5ad59bf55649be5e3d1990a2bd8) Importer(815301076,1909f56bfc062723c751e8b465ee728b) (PreviewImporter) -> (artifact id: 'abeaf868b63788d246e36866ea58357c') in 0.020229 seconds
Number of updated asset objects reloaded before import = 0Number of asset objects unloaded after import = 8

========================================================================
Received Import Request.
  Time since last request: 0.000016 seconds.
  path: Assets/WorldMaterialsFree/Built-In_RPMaterials/DesertCliffRock_WMShader.mat
  artifactKey: Guid(5788fa9255612c049bcf0d092efe95ce) Importer(815301076,1909f56bfc062723c751e8b465ee728b)
Start importing Assets/WorldMaterialsFree/Built-In_RPMaterials/DesertCliffRock_WMShader.mat using Guid(5788fa9255612c049bcf0d092efe95ce) Importer(815301076,1909f56bfc062723c751e8b465ee728b) (PreviewImporter) -> (artifact id: '981dd6b27a56306fb125c4c27eee6c62') in 0.02734 seconds
Number of updated asset objects reloaded before import = 0Number of asset objects unloaded after import = 6

========================================================================
Received Import Request.
  Time since last request: 1.124339 seconds.
  path: Assets/TextMesh Pro/Examples & Extras/Resources/Fonts & Materials/Bangers SDF Logo - URP.mat
  artifactKey: Guid(6751ce1a4611b3940812c13a6847d94f) Importer(815301076,1909f56bfc062723c751e8b465ee728b)
Start importing Assets/TextMesh Pro/Examples & Extras/Resources/Fonts & Materials/Bangers SDF Logo - URP.mat using Guid(6751ce1a4611b3940812c13a6847d94f) Importer(815301076,1909f56bfc062723c751e8b465ee728b) (PreviewImporter) -> (artifact id: '7128fe3e0d3376e5ce133921a87293b0') in 0.0211494 seconds
Number of updated asset objects reloaded before import = 0Number of asset objects unloaded after import = 4

========================================================================
Received Import Request.
  Time since last request: 0.039709 seconds.
  path: Assets/Unity Store DL/StylizedGuns - WW2 US/Source/Magazine Version/M1918Bar-WithoutMag.fbx
  artifactKey: Guid(c1ce864051db441b9bfac2723519107a) Importer(815301076,1909f56bfc062723c751e8b465ee728b)
Start importing Assets/Unity Store DL/StylizedGuns - WW2 US/Source/Magazine Version/M1918Bar-WithoutMag.fbx using Guid(c1ce864051db441b9bfac2723519107a) Importer(815301076,1909f56bfc062723c751e8b465ee728b) (PreviewImporter) -> (artifact id: 'ea3f92f8c342b8faaf80e1ecbfff765a') in 0.0304547 seconds
Number of updated asset objects reloaded before import = 0Number of asset objects unloaded after import = 8

========================================================================
Received Import Request.
  Time since last request: 0.000020 seconds.
  path: Assets/Unity Store DL/Barrels/Barrel_v1/Source/Barrel_v1.mat
  artifactKey: Guid(db7eb35339cc6e249a3b76684d621373) Importer(815301076,1909f56bfc062723c751e8b465ee728b)
Start importing Assets/Unity Store DL/Barrels/Barrel_v1/Source/Barrel_v1.mat using Guid(db7eb35339cc6e249a3b76684d621373) Importer(815301076,1909f56bfc062723c751e8b465ee728b) (PreviewImporter) -> (artifact id: '9c50dda1832ae170c57c1f1212f0df30') in 0.0207409 seconds
Number of updated asset objects reloaded before import = 0Number of asset objects unloaded after import = 2

========================================================================
Received Import Request.
  Time since last request: 0.000023 seconds.
  path: Assets/DL/Barrels/Barrel_v1/Source/Barrel_v1.mat
  artifactKey: Guid(da3bb63a646d53e4ca2b33b143c7a873) Importer(815301076,1909f56bfc062723c751e8b465ee728b)
Start importing Assets/DL/Barrels/Barrel_v1/Source/Barrel_v1.mat using Guid(da3bb63a646d53e4ca2b33b143c7a873) Importer(815301076,1909f56bfc062723c751e8b465ee728b) (PreviewImporter) -> (artifact id: 'f4303aed4c9ba7672da33faf89d6e302') in 0.0253848 seconds
Number of updated asset objects reloaded before import = 0Number of asset objects unloaded after import = 2

========================================================================
Received Import Request.
  Time since last request: 0.001210 seconds.
  path: Assets/WorldMaterialsFree/Built-In_RPMaterials/BasketWeaveBricks_StandardShader.mat
  artifactKey: Guid(9a2c87bc6bc6e5b4aa96c1c4c5224aa3) Importer(815301076,1909f56bfc062723c751e8b465ee728b)
Start importing Assets/WorldMaterialsFree/Built-In_RPMaterials/BasketWeaveBricks_StandardShader.mat using Guid(9a2c87bc6bc6e5b4aa96c1c4c5224aa3) Importer(815301076,1909f56bfc062723c751e8b465ee728b) (PreviewImporter) -> (artifact id: '636ab1cb702da79c592dcdfa6bc804e6') in 0.1058685 seconds
Number of updated asset objects reloaded before import = 0Number of asset objects unloaded after import = 5

========================================================================
Received Import Request.
  Time since last request: 0.029653 seconds.
  path: Assets/WorldMaterialsFree/Built-In_RPMaterials/ClumpMud_WMShader.mat
  artifactKey: Guid(66779585bb974764988f107bd278f7d2) Importer(815301076,1909f56bfc062723c751e8b465ee728b)
Start importing Assets/WorldMaterialsFree/Built-In_RPMaterials/ClumpMud_WMShader.mat using Guid(66779585bb974764988f107bd278f7d2) Importer(815301076,1909f56bfc062723c751e8b465ee728b) (PreviewImporter) -> (artifact id: 'bc25c7849a1ce94ff454ff2c7bbccc83') in 0.0312422 seconds
Number of updated asset objects reloaded before import = 0Number of asset objects unloaded after import = 6

========================================================================
Received Import Request.
  Time since last request: 47.881484 seconds.
  path: Assets/WorldMaterialsFree/Built-In_RPMaterials/PebbledGravel_StandardShader.mat
  artifactKey: Guid(1d0c0bac13326d14a8fb5fda102ea2f7) Importer(815301076,1909f56bfc062723c751e8b465ee728b)
Start importing Assets/WorldMaterialsFree/Built-In_RPMaterials/PebbledGravel_StandardShader.mat using Guid(1d0c0bac13326d14a8fb5fda102ea2f7) Importer(815301076,1909f56bfc062723c751e8b465ee728b) (PreviewImporter) -> (artifact id: '02618db21eef523a8a5aebd8c8129ce8') in 0.1182976 seconds
Number of updated asset objects reloaded before import = 0Number of asset objects unloaded after import = 5

========================================================================
Received Import Request.
  Time since last request: 0.408274 seconds.
  path: Assets/WorldMaterialsFree/HDRPMaterials/PlainWhiteFabric_HDRPShader.mat
  artifactKey: Guid(7635169c9966205499da267fe152e425) Importer(815301076,1909f56bfc062723c751e8b465ee728b)
Start importing Assets/WorldMaterialsFree/HDRPMaterials/PlainWhiteFabric_HDRPShader.mat using Guid(7635169c9966205499da267fe152e425) Importer(815301076,1909f56bfc062723c751e8b465ee728b) (PreviewImporter) -> (artifact id: 'c4b0af26d74d5b93c92123af735bc0ad') in 0.0205972 seconds
Number of updated asset objects reloaded before import = 0Number of asset objects unloaded after import = 7

Editor requested this worker to shutdown with reason: Scaling down because of idle timeout
AssetImportWorker is now disconnected from the server
Process exiting
Exiting without the bug reporter. Application will terminate with return code 0